
> workspace@0.0.1 build /app
> turbo build

• turbo 2.9.7

   • Packages in scope: @repo/api-client, @repo/database, @repo/eslint-config, @repo/prettier-config, @repo/shared, @repo/types, @repo/typescript-config, @repo/ui, admin, api, desktop, docs, mobile, site, web
   • Running build in 15 packages
   • Remote caching disabled

@repo/shared:build: cache hit, replaying logs 57ede7ecaac4592e
@repo/shared:build:
@repo/shared:build: > @repo/shared@0.0.0 build /app/packages/shared
@repo/shared:build: > tsc
@repo/shared:build:
api:build: cache miss, executing 5985b980e996ef78
@repo/api-client:build: cache hit, replaying logs c3d4156839dfff57
@repo/api-client:build:
@repo/api-client:build: > @repo/api-client@0.0.0 build /app/packages/api-client
@repo/api-client:build: > tsup src/index.ts --format cjs,esm --dts
@repo/api-client:build:
@repo/api-client:build: CLI Building entry: src/index.ts
@repo/api-client:build: CLI Using tsconfig: tsconfig.json
@repo/api-client:build: CLI tsup v8.5.1
@repo/api-client:build: CLI Target: es2022
@repo/api-client:build: CJS Build start
@repo/api-client:build: ESM Build start
@repo/api-client:build: CJS dist/index.js 71.37 KB
@repo/api-client:build: CJS ⚡️ Build success in 106ms
@repo/api-client:build: ESM dist/index.mjs 60.05 KB
@repo/api-client:build: ESM ⚡️ Build success in 106ms
@repo/api-client:build: DTS Build start
@repo/api-client:build: DTS ⚡️ Build success in 7062ms
@repo/api-client:build: DTS dist/index.d.ts  24.19 KB
@repo/api-client:build: DTS dist/index.d.mts 24.19 KB
admin:build: cache miss, executing f142fbf8ec10f8ec
docs:build: cache miss, executing d7b4a4b79da5ba32
web:build: cache miss, executing b30dab03d7210bd7
site:build: cache miss, executing 827f9b6fa3f2c815
desktop:build: cache miss, executing ec36ad029a7f1893
api:build:
api:build: > api@0.0.1 build /app/apps/api
api:build: > nest build
api:build:
docs:build:
docs:build: > docs@0.1.0 build /app/apps/docs
docs:build: > tsc && vite build
docs:build:
desktop:build:
desktop:build: > desktop@0.1.0 build /app/apps/desktop
desktop:build: > tsc && vite build
desktop:build:
web:build:
web:build: > web@0.1.0 build /app/apps/web
web:build: > next build --webpack
web:build:
site:build:
site:build: > site@0.1.0 build /app/apps/site
site:build: > tsc && vite build
site:build:
admin:build:
admin:build: > admin@0.1.0 build /app/apps/admin
admin:build: > tsc && vite build
admin:build:
api:build:  Info  "typeCheck" will not have any effect when "builder" is not "swc".
web:build: ▲ Next.js 16.2.1 (webpack)
web:build:
web:build:   Creating an optimized production build ...
web:build:  ✓ (pwa) Compiling for server...
web:build:  ✓ (pwa) Compiling for server...
web:build:  ✓ (pwa) Compiling for client (static)...
web:build:  ○ (pwa) Service worker: /app/apps/web/public/sw.js
web:build:  ○ (pwa)   URL: /sw.js
web:build:  ○ (pwa)   Scope: /
site:build: 7:17:49 PM [vite] warning: `esbuild` option was specified by "vite:react-babel" plugin. This option is deprecated, please use `oxc` instead.
site:build: `optimizeDeps.rollupOptions` / `ssr.optimizeDeps.rollupOptions` is deprecated. Use `optimizeDeps.rolldownOptions` instead. Note that this option may be set by a plugin. Set VITE_DEPRECATION_TRACE=1 to see where it is called.
site:build: [vite:react-babel] We recommend switching to `@vitejs/plugin-react-oxc` for improved performance. More information at https://vite.dev/rolldown
site:build: vite v8.0.10 building client environment for production...
site:build: [vite:css][postcss] @import must precede all other statements (besides @charset or empty @layer)
site:build: 6  |  @source "../**/*.{ts,tsx}";
site:build: 7  |
site:build: 8  |  @import 'tw-animate-css';
site:build:    |  ^^^^^^^^^^^^^^^^^^^^^^^^^
site:build: 9  |
site:build: 10 |  @custom-variant dark (&:is(.dark *));
site:build: [2Ksite:build: transforming...✓ 4009 modules transformed.
site:build: rendering chunks...
site:build: computing gzip size...
site:build: dist/index.html                   0.81 kB │ gzip:   0.48 kB
site:build: dist/assets/index-BIUuzfFY.css  204.19 kB │ gzip:  31.16 kB
site:build: dist/assets/index-J4t_7MoO.js   789.47 kB │ gzip: 233.46 kB
site:build:
site:build: [plugin builtin:vite-reporter]
site:build: (!) Some chunks are larger than 500 kB after minification. Consider:
site:build: - Using dynamic import() to code-split the application
site:build: - Use build.rolldownOptions.output.codeSplitting to improve chunking: https://rolldown.rs/reference/OutputOptions.codeSplitting
site:build: - Adjust chunk size limit for this warning via build.chunkSizeWarningLimit.
site:build: ✓ built in 3.75s
desktop:build: vite v8.0.10 building client environment for production...
desktop:build: [2Kdesktop:build: transforming...✓ 6427 modules transformed.
desktop:build: rendering chunks...
desktop:build: computing gzip size...
desktop:build: dist/index.html                     0.46 kB │ gzip:     0.30 kB
desktop:build: dist/assets/index-BepHWtGY.css    190.51 kB │ gzip:    28.19 kB
desktop:build: dist/assets/index-Bg4wjC8F.js   4,059.29 kB │ gzip: 1,147.22 kB
desktop:build:
desktop:build: [plugin builtin:vite-reporter]
desktop:build: (!) Some chunks are larger than 500 kB after minification. Consider:
desktop:build: - Using dynamic import() to code-split the application
desktop:build: - Use build.rolldownOptions.output.codeSplitting to improve chunking: https://rolldown.rs/reference/OutputOptions.codeSplitting
desktop:build: - Adjust chunk size limit for this warning via build.chunkSizeWarningLimit.
desktop:build: ✓ built in 7.08s
docs:build: 7:18:14 PM [vite] warning: `esbuild` option was specified by "vite:react-babel" plugin. This option is deprecated, please use `oxc` instead.
docs:build: `optimizeDeps.rollupOptions` / `ssr.optimizeDeps.rollupOptions` is deprecated. Use `optimizeDeps.rolldownOptions` instead. Note that this option may be set by a plugin. Set VITE_DEPRECATION_TRACE=1 to see where it is called.
docs:build: [vite:react-babel] We recommend switching to `@vitejs/plugin-react-oxc` for improved performance. More information at https://vite.dev/rolldown
docs:build: vite v8.0.10 building client environment for production...
docs:build: [2Kdocs:build: transforming...✓ 4759 modules transformed.
docs:build: rendering chunks...
admin:build: vite v8.0.10 building client environment for production...
admin:build: [2Kadmin:build: transforming...✓ 7005 modules transformed.
docs:build: computing gzip size...
docs:build: dist/index.html                                    0.47 kB │ gzip:   0.31 kB
docs:build: dist/assets/index-DPMO_wgY.css                   200.45 kB │ gzip:  29.50 kB
docs:build: dist/assets/inviting-members-GtnMGxN9.js           0.68 kB │ gzip:   0.42 kB
docs:build: dist/assets/making-calls-eXMIrQCq.js               0.71 kB │ gzip:   0.43 kB
docs:build: dist/assets/joining-workspace-D2ut8aiS.js          0.94 kB │ gzip:   0.51 kB
docs:build: dist/assets/search-DR7Ge9ot.js                     0.99 kB │ gzip:   0.46 kB
docs:build: dist/assets/announcements-Bm7hUcDg.js              1.00 kB │ gzip:   0.48 kB
docs:build: dist/assets/teams-Bx8ODh_r.js                      1.24 kB │ gzip:   0.58 kB
docs:build: dist/assets/sending-messages-CRbgDlWA.js           1.41 kB │ gzip:   0.79 kB
docs:build: dist/assets/api-tokens-CjRvGYI8.js                 1.42 kB │ gzip:   0.70 kB
docs:build: dist/assets/webhooks-DyUCemD3.js                   1.63 kB │ gzip:   0.85 kB
docs:build: dist/assets/applications-N9waDEgf.js               1.64 kB │ gzip:   0.82 kB
docs:build: dist/assets/workspaces-CQl_mcle.js                 1.73 kB │ gzip:   0.76 kB
docs:build: dist/assets/getting-started-ZjXiXw1-.js            2.00 kB │ gzip:   1.03 kB
docs:build: dist/assets/recipe-sync-members-F4mlVyDA.js        2.13 kB │ gzip:   1.00 kB
docs:build: dist/assets/discord-v10-DQPi0Mev.js                2.16 kB │ gzip:   1.04 kB
docs:build: dist/assets/qr-auth-GbvAsKeM.js                    2.32 kB │ gzip:   1.07 kB
docs:build: dist/assets/applications-DkGVg8YM.js               2.44 kB │ gzip:   1.18 kB
docs:build: dist/assets/recipe-bot-BcMn-ulq.js                 2.48 kB │ gzip:   1.31 kB
docs:build: dist/assets/recipe-file-uploads-B8ws74lx.js        2.92 kB │ gzip:   1.37 kB
docs:build: dist/assets/errors-C8lMDdDb.js                     3.09 kB │ gzip:   1.35 kB
docs:build: dist/assets/authentication-CBZF1jhS.js             3.21 kB │ gzip:   1.32 kB
docs:build: dist/assets/messages-B8-2J73N.js                   3.28 kB │ gzip:   1.39 kB
docs:build: dist/assets/recipe-slash-commands-DLO_XSJi.js      3.39 kB │ gzip:   1.60 kB
docs:build: dist/assets/real-time-FKNHZw2J.js                  3.93 kB │ gzip:   1.68 kB
docs:build: dist/assets/index-C-QEXzHQ.js                  2,498.00 kB │ gzip: 711.45 kB
docs:build:
docs:build: ✓ built in 4.60s
docs:build: [plugin builtin:vite-reporter]
docs:build: (!) Some chunks are larger than 500 kB after minification. Consider:
docs:build: - Using dynamic import() to code-split the application
docs:build: - Use build.rolldownOptions.output.codeSplitting to improve chunking: https://rolldown.rs/reference/OutputOptions.codeSplitting
docs:build: - Adjust chunk size limit for this warning via build.chunkSizeWarningLimit.
admin:build: rendering chunks...
admin:build: computing gzip size...
admin:build: dist/index.html                     0.46 kB │ gzip:   0.30 kB
admin:build: dist/assets/index-AT505SiH.css    189.01 kB │ gzip:  27.99 kB
admin:build: dist/assets/index-Bh3PxSE3.js   2,870.18 kB │ gzip: 835.56 kB
admin:build:
admin:build: [plugin builtin:vite-reporter]
admin:build: (!) Some chunks are larger than 500 kB after minification. Consider:
admin:build: - Using dynamic import() to code-split the application
admin:build: - Use build.rolldownOptions.output.codeSplitting to improve chunking: https://rolldown.rs/reference/OutputOptions.codeSplitting
admin:build: - Adjust chunk size limit for this warning via build.chunkSizeWarningLimit.
admin:build: ✓ built in 4.46s
api:build: webpack 5.106.0 compiled [1m[32msuccessfully[39m[22m in 41876 ms
web:build: ✓ Compiled successfully in 110s
web:build:   Skipping validation of types
web:build:   Finished TypeScript config validation in 8ms ...
web:build:   Collecting page data using 3 workers ...
web:build: ◇ injected env (0) from ../../.env // tip: ⌁ auth for agents [www.vestauth.com]
web:build: ◇ injected env (0) from ../../.env // tip: ◈ encrypted .env [www.dotenvx.com]
web:build: [Error [BetterAuthError]: You are using the default secret. Please set `BETTER_AUTH_SECRET` in your environment variables or pass `secret` in your auth config.]
web:build: [Error [BetterAuthError]: You are using the default secret. Please set `BETTER_AUTH_SECRET` in your environment variables or pass `secret` in your auth config.]
web:build: ◇ injected env (0) from ../../.env // tip: ⌘ suppress logs { quiet: true }
web:build: { appId: undefined, appCertificate: undefined }
web:build: [Error [BetterAuthError]: You are using the default secret. Please set `BETTER_AUTH_SECRET` in your environment variables or pass `secret` in your auth config.]
web:build:   Generating static pages using 3 workers (0/29) ...
web:build:   Generating static pages using 3 workers (7/29)
web:build:   Generating static pages using 3 workers (14/29)
web:build:   Generating static pages using 3 workers (21/29)
web:build: ✓ Generating static pages using 3 workers (29/29) in 2.9s
web:build:   Finalizing page optimization ...
web:build:   Collecting build traces ...
web:build:
web:build: Route (app)
web:build: ┌ ○ /
web:build: ├ ○ /_not-found
web:build: ├ ƒ /.well-known/oauth-authorization-server
web:build: ├ ƒ /.well-known/oauth-authorization-server/[issuer-path]
web:build: ├ ƒ /.well-known/openid-configuration
web:build: ├ ƒ /api/agora/token
web:build: ├ ƒ /api/assistant/chat
web:build: ├ ƒ /api/auth/[...all]
web:build: ├ ƒ /api/auth/dodopayments/webhooks
web:build: ├ ƒ /api/auth/jwks
web:build: ├ ƒ /api/auth/oauth2/authorize
web:build: ├ ƒ /api/auth/oauth2/token
web:build: ├ ƒ /api/device-tokens
web:build: ├ ƒ /api/link-preview
web:build: ├ ƒ /api/messages/[messageId]/actions/[actionId]
web:build: ├ ƒ /api/profile-assets
web:build: ├ ƒ /api/push-notifications/test
web:build: ├ ƒ /api/upload
web:build: ├ ƒ /api/users/[userId]
web:build: ├ ƒ /api/users/[userId]/badges
web:build: ├ ƒ /api/users/me
web:build: ├ ƒ /api/users/search
web:build: ├ ƒ /api/webhooks
web:build: ├ ƒ /api/webhooks/incoming/[token]
web:build: ├ ○ /assistant
web:build: ├ ○ /dm
web:build: ├ ƒ /dm/[userId]
web:build: ├ ○ /docs
web:build: ├ ƒ /docs/[slug]
web:build: ├ ○ /docs/api
web:build: ├ ○ /friends
web:build: ├ ○ /integrations
web:build: ├ ƒ /invite/[token]
web:build: ├ ○ /login
web:build: ├ ○ /notifications
web:build: ├ ○ /signup
web:build: ├ ○ /widget
web:build: ├ ƒ /workspace/[slug]
web:build: ├ ƒ /workspace/[slug]/channels/[channelSlug]
web:build: ├ ƒ /workspace/[slug]/channels/[channelSlug]/settings
web:build: ├ ƒ /workspace/[slug]/members
web:build: └ ƒ /workspace/[slug]/settings
web:build:
web:build:
web:build: ƒ Proxy (Middleware)
web:build:
web:build: ○  (Static)   prerendered as static content
web:build: ƒ  (Dynamic)  server-rendered on demand
web:build:

 Tasks:    8 successful, 8 total
Cached:    2 cached, 8 total
  Time:    3m46.771s
